// Jest Snapshot v1, https://goo.gl/fbAQLP

exports[`Message component test with Enzyme renders correct snapshot 1`] = `
<styled.div>
  testMessage
</styled.div>
`;
