// Jest Snapshot v1, https://goo.gl/fbAQLP

exports[`Footer component test with Enzyme renders without crashing 1`] = `
<styled.footer>
  2021
   
  All right Reserved. My company.
</styled.footer>
`;
